{"commit": "01a3067a245e686363c8f16724a825f2dfa86577", "checkout": "/ocean/projects/mth250006p/ywang26/diffusion-video-index-20260909", "output": "/ocean/projects/mth250006p/ywang26/diffusion-results/20260909-video-index", "phase": "fetch"}
 From github.com:yixinwang/diffusion-representation
 * branch            agent/observation-transport-audit-20260908 -> FETCH_HEAD
   effc2c5..01a3067  agent/observation-transport-audit-20260908 -> origin/agent/observation-transport-audit-20260908

HEAD is now at 01a3067 Freeze separately defined decoder-index video input check
 Preparing worktree (detached HEAD 01a3067)
Updating files:   7% (133/1680)
Updating files:   8% (135/1680)
Updating files:   9% (152/1680)
Updating files:  10% (168/1680)
Updating files:  11% (185/1680)
Updating files:  12% (202/1680)
Updating files:  13% (219/1680)
Updating files:  14% (236/1680)
Updating files:  15% (252/1680)
Updating files:  15% (258/1680)
Updating files:  16% (269/1680)
Updating files:  17% (286/1680)
Updating files:  18% (303/1680)
Updating files:  19% (320/1680)
Updating files:  20% (336/1680)
Updating files:  21% (353/1680)
Updating files:  22% (370/1680)
Updating files:  23% (387/1680)
Updating files:  23% (391/1680)
Updating files:  24% (404/1680)
Updating files:  25% (420/1680)
Updating files:  26% (437/1680)
Updating files:  27% (454/1680)
Updating files:  28% (471/1680)
Updating files:  29% (488/1680)
Updating files:  30% (504/1680)
Updating files:  31% (521/1680)
Updating files:  31% (534/1680)
Updating files:  32% (538/1680)
Updating files:  33% (555/1680)
Updating files:  34% (572/1680)
Updating files:  35% (588/1680)
Updating files:  36% (605/1680)
Updating files:  37% (622/1680)
Updating files:  37% (624/1680)
Updating files:  38% (639/1680)
Updating files:  39% (656/1680)
Updating files:  40% (672/1680)
Updating files:  41% (689/1680)
Updating files:  42% (706/1680)
Updating files:  43% (723/1680)
Updating files:  44% (740/1680)
Updating files:  44% (748/1680)
Updating files:  45% (756/1680)
Updating files:  46% (773/1680)
Updating files:  47% (790/1680)
Updating files:  48% (807/1680)
Updating files:  49% (824/1680)
Updating files:  50% (840/1680)
Updating files:  51% (857/1680)
Updating files:  51% (871/1680)
Updating files:  52% (874/1680)
Updating files:  53% (891/1680)
Updating files:  54% (908/1680)
Updating files:  55% (924/1680)
Updating files:  55% (935/1680)
Updating files:  56% (941/1680)
Updating files:  57% (958/1680)
Updating files:  58% (975/1680)
Updating files:  59% (992/1680)
Updating files:  60% (1008/1680)
Updating files:  60% (1019/1680)
Updating files:  61% (1025/1680)
Updating files:  62% (1042/1680)
Updating files:  63% (1059/1680)
Updating files:  64% (1076/1680)
Updating files:  65% (1092/1680)
Updating files:  66% (1109/1680)
Updating files:  67% (1126/1680)
Updating files:  68% (1143/1680)
Updating files:  69% (1160/1680)
Updating files:  70% (1176/1680)
Updating files:  70% (1191/1680)
Updating files:  71% (1193/1680)
Updating files:  72% (1210/1680)
Updating files:  73% (1227/1680)
Updating files:  74% (1244/1680)
Updating files:  75% (1260/1680)
Updating files:  75% (1265/1680)
Updating files:  76% (1277/1680)
Updating files:  77% (1294/1680)
Updating files:  78% (1311/1680)
Updating files:  78% (1312/1680)
Updating files:  79% (1328/1680)
Updating files:  79% (1332/1680)
Updating files:  80% (1344/1680)
Updating files:  81% (1361/1680)
Updating files:  82% (1378/1680)
Updating files:  83% (1395/1680)
Updating files:  83% (1404/1680)
Updating files:  84% (1412/1680)
Updating files:  84% (1426/1680)
Updating files:  85% (1428/1680)
Updating files:  86% (1445/1680)
Updating files:  87% (1462/1680)
Updating files:  88% (1479/1680)
Updating files:  89% (1496/1680)
Updating files:  90% (1512/1680)
Updating files:  90% (1517/1680)
Updating files:  91% (1529/1680)
Updating files:  92% (1546/1680)
Updating files:  93% (1563/1680)
Updating files:  94% (1580/1680)
Updating files:  95% (1596/1680)
Updating files:  96% (1613/1680)
Updating files:  97% (1630/1680)
Updating files:  98% (1647/1680)
Updating files:  98% (1654/1680)
Updating files:  99% (1664/1680)
Updating files: 100% (1680/1680)
Updating files: 100% (1680/1680), done.

{"commit": "01a3067a245e686363c8f16724a825f2dfa86577", "checkout": "/ocean/projects/mth250006p/ywang26/diffusion-video-index-20260909", "output": "/ocean/projects/mth250006p/ywang26/diffusion-results/20260909-video-index", "phase": "ready_to_submit", "external_sha256": {"launch_video_index_guarded.py": "75569ee7c548eeb22bfeb4e3a8641890486b349e52b4c23cfd51ed3547765564", "video_index_first_clip.slurm": "ce6203aa82ce7328c6fe8beda4cfc36b7c666f443e25e23eb203f1cb38549d86"}}
{"commit": "01a3067a245e686363c8f16724a825f2dfa86577", "checkout": "/ocean/projects/mth250006p/ywang26/diffusion-video-index-20260909", "output": "/ocean/projects/mth250006p/ywang26/diffusion-results/20260909-video-index", "phase": "submitted", "external_sha256": {"launch_video_index_guarded.py": "75569ee7c548eeb22bfeb4e3a8641890486b349e52b4c23cfd51ed3547765564", "video_index_first_clip.slurm": "ce6203aa82ce7328c6fe8beda4cfc36b7c666f443e25e23eb203f1cb38549d86"}, "submission_stdout": "45580328\n", "submission_stderr": ""}
