{"commit": "effc2c565b050193561978c9bce686b3a3f996eb", "checkout": "/ocean/projects/mth250006p/ywang26/diffusion-video-diagnostic-20260909", "output": "/ocean/projects/mth250006p/ywang26/diffusion-results/20260909-video-timestamps", "phase": "fetch"}
 From github.com:yixinwang/diffusion-representation
 * branch            agent/observation-transport-audit-20260908 -> FETCH_HEAD
   7b9703b..effc2c5  agent/observation-transport-audit-20260908 -> origin/agent/observation-transport-audit-20260908

HEAD is now at effc2c5 Preserve failed native gates and freeze nonlinear mechanism and video diagnostics
 Preparing worktree (detached HEAD effc2c5)
Updating files:   1% (28/1571)
Updating files:   2% (32/1571)
Updating files:   3% (48/1571)
Updating files:   4% (63/1571)
Updating files:   4% (72/1571)
Updating files:   5% (79/1571)
Updating files:   6% (95/1571)
Updating files:   6% (107/1571)
Updating files:   7% (110/1571)
Updating files:   8% (126/1571)
Updating files:   9% (142/1571)
Updating files:  10% (158/1571)
Updating files:  10% (164/1571)
Updating files:  11% (173/1571)
Updating files:  12% (189/1571)
Updating files:  13% (205/1571)
Updating files:  13% (217/1571)
Updating files:  14% (220/1571)
Updating files:  15% (236/1571)
Updating files:  16% (252/1571)
Updating files:  16% (256/1571)
Updating files:  17% (268/1571)
Updating files:  18% (283/1571)
Updating files:  18% (291/1571)
Updating files:  19% (299/1571)
Updating files:  20% (315/1571)
Updating files:  21% (330/1571)
Updating files:  21% (345/1571)
Updating files:  22% (346/1571)
Updating files:  22% (352/1571)
Updating files:  22% (358/1571)
Updating files:  23% (362/1571)
Updating files:  24% (378/1571)
Updating files:  25% (393/1571)
Updating files:  26% (409/1571)
Updating files:  26% (411/1571)
Updating files:  27% (425/1571)
Updating files:  28% (440/1571)
Updating files:  29% (456/1571)
Updating files:  30% (472/1571)
Updating files:  31% (488/1571)
Updating files:  32% (503/1571)
Updating files:  32% (507/1571)
Updating files:  33% (519/1571)
Updating files:  34% (535/1571)
Updating files:  35% (550/1571)
Updating files:  36% (566/1571)
Updating files:  37% (582/1571)
Updating files:  38% (597/1571)
Updating files:  39% (613/1571)
Updating files:  39% (622/1571)
Updating files:  40% (629/1571)
Updating files:  41% (645/1571)
Updating files:  42% (660/1571)
Updating files:  43% (676/1571)
Updating files:  44% (692/1571)
Updating files:  44% (695/1571)
Updating files:  45% (707/1571)
Updating files:  46% (723/1571)
Updating files:  47% (739/1571)
Updating files:  48% (755/1571)
Updating files:  49% (770/1571)
Updating files:  50% (786/1571)
Updating files:  51% (802/1571)
Updating files:  52% (817/1571)
Updating files:  53% (833/1571)
Updating files:  53% (838/1571)
Updating files:  54% (849/1571)
Updating files:  55% (865/1571)
Updating files:  56% (880/1571)
Updating files:  57% (896/1571)
Updating files:  58% (912/1571)
Updating files:  59% (927/1571)
Updating files:  60% (943/1571)
Updating files:  61% (959/1571)
Updating files:  62% (975/1571)
Updating files:  63% (990/1571)
Updating files:  64% (1006/1571)
Updating files:  65% (1022/1571)
Updating files:  65% (1026/1571)
Updating files:  66% (1037/1571)
Updating files:  67% (1053/1571)
Updating files:  68% (1069/1571)
Updating files:  69% (1084/1571)
Updating files:  70% (1100/1571)
Updating files:  70% (1110/1571)
Updating files:  71% (1116/1571)
Updating files:  72% (1132/1571)
Updating files:  73% (1147/1571)
Updating files:  74% (1163/1571)
Updating files:  75% (1179/1571)
Updating files:  76% (1194/1571)
Updating files:  77% (1210/1571)
Updating files:  77% (1214/1571)
Updating files:  78% (1226/1571)
Updating files:  78% (1227/1571)
Updating files:  79% (1242/1571)
Updating files:  80% (1257/1571)
Updating files:  81% (1273/1571)
Updating files:  82% (1289/1571)
Updating files:  82% (1297/1571)
Updating files:  83% (1304/1571)
Updating files:  84% (1320/1571)
Updating files:  85% (1336/1571)
Updating files:  86% (1352/1571)
Updating files:  87% (1367/1571)
Updating files:  88% (1383/1571)
Updating files:  89% (1399/1571)
Updating files:  89% (1408/1571)
Updating files:  90% (1414/1571)
Updating files:  91% (1430/1571)
Updating files:  92% (1446/1571)
Updating files:  93% (1462/1571)
Updating files:  94% (1477/1571)
Updating files:  95% (1493/1571)
Updating files:  96% (1509/1571)
Updating files:  97% (1524/1571)
Updating files:  98% (1540/1571)
Updating files:  99% (1556/1571)
Updating files:  99% (1559/1571)
Updating files: 100% (1571/1571)
Updating files: 100% (1571/1571), done.

{"commit": "effc2c565b050193561978c9bce686b3a3f996eb", "checkout": "/ocean/projects/mth250006p/ywang26/diffusion-video-diagnostic-20260909", "output": "/ocean/projects/mth250006p/ywang26/diffusion-results/20260909-video-timestamps", "phase": "ready_to_submit", "external_sha256": {"launch_video_diagnostic_guarded.py": "3689fd58cf4c80fb2063e256dc67cea1bb91c0a2372c67e7e532dab1b01085f5", "video_diagnostic_first_clip.slurm": "ac03042fd19abaa9787c37cfc363c2f95ff365a1d1e083a74eb9244e9a2126b2"}}
{"commit": "effc2c565b050193561978c9bce686b3a3f996eb", "checkout": "/ocean/projects/mth250006p/ywang26/diffusion-video-diagnostic-20260909", "output": "/ocean/projects/mth250006p/ywang26/diffusion-results/20260909-video-timestamps", "phase": "submitted", "external_sha256": {"launch_video_diagnostic_guarded.py": "3689fd58cf4c80fb2063e256dc67cea1bb91c0a2372c67e7e532dab1b01085f5", "video_diagnostic_first_clip.slurm": "ac03042fd19abaa9787c37cfc363c2f95ff365a1d1e083a74eb9244e9a2126b2"}, "submission_stdout": "45579152\n", "submission_stderr": ""}
