OSError: [Errno 122] Disk quota exceeded

During handling of the above exception, another exception occurred:

Traceback (most recent call last):
  File "/ocean/projects/mth250006p/ywang26/diffusion-v2-interactive-preflight-20260909/qalt/experiments/innovation_response_pilot_v2/run.py", line 165, in train_until
    if report['updates']%10==0:utility.atomic_json(out/f'{name}_progress.json',report)
  File "/ocean/projects/mth250006p/ywang26/diffusion-v2-interactive-preflight-20260909/qalt/experiments/observed_flow_pilot/run_shared.py", line 29, in atomic_json
    temp.write_text(json.dumps(value, indent=2, allow_nan=False) + '\n')
  File "/opt/packages/AI/pytorch_23.02-1.13.1-py3/lib/python3.10/pathlib.py", line 1154, in write_text
    with self.open(mode='w', encoding=encoding, errors=errors, newline=newline) as f:
OSError: [Errno 122] Disk quota exceeded

During handling of the above exception, another exception occurred:

Traceback (most recent call last):
  File "/ocean/projects/mth250006p/ywang26/pytorch/lib/python3.10/site-packages/torch/serialization.py", line 977, in save
    _save(
  File "/ocean/projects/mth250006p/ywang26/pytorch/lib/python3.10/site-packages/torch/serialization.py", line 1233, in _save
    zip_file.write_record("data.pkl", data_value, len(data_value))
RuntimeError: basic_ios::clear: iostream error

During handling of the above exception, another exception occurred:

Traceback (most recent call last):
  File "/ocean/projects/mth250006p/ywang26/diffusion-v2-interactive-preflight-20260909/qalt/experiments/innovation_response_pilot_v2/run.py", line 170, in train_until
    checkpoint(out/f'{name}_failed.pt',model,optimizer,rng)
  File "/ocean/projects/mth250006p/ywang26/diffusion-v2-interactive-preflight-20260909/qalt/experiments/innovation_response_pilot_v2/run.py", line 135, in checkpoint
    torch.save({'architecture':model_spec(model),'model':model.state_dict(),'optimizer':None if optimizer is None else optimizer.state_dict(),
  File "/ocean/projects/mth250006p/ywang26/pytorch/lib/python3.10/site-packages/torch/serialization.py", line 976, in save
    with _open_zipfile_writer(f) as opened_zipfile:
  File "/ocean/projects/mth250006p/ywang26/pytorch/lib/python3.10/site-packages/torch/serialization.py", line 808, in __exit__
    self.file_like.write_end_of_file()
RuntimeError: [enforce fail at inline_container.cc:668] . unexpected pos 64 vs 0

During handling of the above exception, another exception occurred:

OSError: [Errno 122] Disk quota exceeded

During handling of the above exception, another exception occurred:

Traceback (most recent call last):
  File "/ocean/projects/mth250006p/ywang26/diffusion-v2-interactive-preflight-20260909/qalt/experiments/innovation_response_pilot_v2/run.py", line 583, in <module>
    if __name__=='__main__':main()
  File "/ocean/projects/mth250006p/ywang26/diffusion-v2-interactive-preflight-20260909/qalt/experiments/innovation_response_pilot_v2/run.py", line 570, in main
    state['seed']=seed;models,template,reports=fit_seed(seed,fit_logits,data.fit_ids,args.output/f'seed_{seed}',common_setup,state,live)
  File "/ocean/projects/mth250006p/ywang26/diffusion-v2-interactive-preflight-20260909/qalt/experiments/innovation_response_pilot_v2/run.py", line 365, in fit_seed
    reports[name]=train_until(arm,optimizer,rng,lambda i:-arm.residual_decoder.log_prob(residual[i],coarse[i]).mean()/arm.residual_dimension,
  File "/ocean/projects/mth250006p/ywang26/diffusion-v2-interactive-preflight-20260909/qalt/experiments/innovation_response_pilot_v2/run.py", line 176, in train_until
    utility.atomic_json(out/f'{name}_progress.json',report)
  File "/ocean/projects/mth250006p/ywang26/diffusion-v2-interactive-preflight-20260909/qalt/experiments/observed_flow_pilot/run_shared.py", line 29, in atomic_json
    temp.write_text(json.dumps(value, indent=2, allow_nan=False) + '\n')
  File "/opt/packages/AI/pytorch_23.02-1.13.1-py3/lib/python3.10/pathlib.py", line 1154, in write_text
    with self.open(mode='w', encoding=encoding, errors=errors, newline=newline) as f:
OSError: [Errno 122] Disk quota exceeded
