{"commit": "7b9703b64573748cbd2b3e6a832834c06baf417f", "checkout": "/ocean/projects/mth250006p/ywang26/diffusion-video-decode-20260909", "output": "/ocean/projects/mth250006p/ywang26/diffusion-results/20260909-video-first-clip", "phase": "fetch"}
 From github.com:yixinwang/diffusion-representation
 * branch            agent/observation-transport-audit-20260908 -> FETCH_HEAD
   9270263..7b9703b  agent/observation-transport-audit-20260908 -> origin/agent/observation-transport-audit-20260908

HEAD is now at 7b9703b Freeze bounded training-video decode and preserve verified header results
 Preparing worktree (detached HEAD 7b9703b)
Updating files:   6% (85/1275)
Updating files:   7% (90/1275)
Updating files:   8% (102/1275)
Updating files:   9% (115/1275)
Updating files:  10% (128/1275)
Updating files:  10% (129/1275)
Updating files:  11% (141/1275)
Updating files:  12% (153/1275)
Updating files:  13% (166/1275)
Updating files:  14% (179/1275)
Updating files:  15% (192/1275)
Updating files:  16% (204/1275)
Updating files:  17% (217/1275)
Updating files:  18% (230/1275)
Updating files:  18% (232/1275)
Updating files:  19% (243/1275)
Updating files:  20% (255/1275)
Updating files:  21% (268/1275)
Updating files:  22% (281/1275)
Updating files:  22% (284/1275)
Updating files:  23% (294/1275)
Updating files:  24% (306/1275)
Updating files:  25% (319/1275)
Updating files:  26% (332/1275)
Updating files:  26% (337/1275)
Updating files:  27% (345/1275)
Updating files:  27% (353/1275)
Updating files:  28% (357/1275)
Updating files:  29% (370/1275)
Updating files:  30% (383/1275)
Updating files:  31% (396/1275)
Updating files:  32% (408/1275)
Updating files:  33% (421/1275)
Updating files:  34% (434/1275)
Updating files:  34% (444/1275)
Updating files:  35% (447/1275)
Updating files:  36% (459/1275)
Updating files:  37% (472/1275)
Updating files:  38% (485/1275)
Updating files:  39% (498/1275)
Updating files:  40% (510/1275)
Updating files:  41% (523/1275)
Updating files:  42% (536/1275)
Updating files:  43% (549/1275)
Updating files:  43% (553/1275)
Updating files:  44% (561/1275)
Updating files:  45% (574/1275)
Updating files:  46% (587/1275)
Updating files:  47% (600/1275)
Updating files:  48% (612/1275)
Updating files:  49% (625/1275)
Updating files:  50% (638/1275)
Updating files:  51% (651/1275)
Updating files:  52% (663/1275)
Updating files:  53% (676/1275)
Updating files:  54% (689/1275)
Updating files:  55% (702/1275)
Updating files:  56% (714/1275)
Updating files:  57% (727/1275)
Updating files:  57% (729/1275)
Updating files:  58% (740/1275)
Updating files:  59% (753/1275)
Updating files:  60% (765/1275)
Updating files:  61% (778/1275)
Updating files:  62% (791/1275)
Updating files:  62% (795/1275)
Updating files:  63% (804/1275)
Updating files:  64% (816/1275)
Updating files:  65% (829/1275)
Updating files:  66% (842/1275)
Updating files:  67% (855/1275)
Updating files:  68% (867/1275)
Updating files:  69% (880/1275)
Updating files:  70% (893/1275)
Updating files:  71% (906/1275)
Updating files:  72% (918/1275)
Updating files:  73% (931/1275)
Updating files:  74% (944/1275)
Updating files:  74% (952/1275)
Updating files:  75% (957/1275)
Updating files:  76% (969/1275)
Updating files:  77% (982/1275)
Updating files:  78% (995/1275)
Updating files:  79% (1008/1275)
Updating files:  80% (1020/1275)
Updating files:  81% (1033/1275)
Updating files:  82% (1046/1275)
Updating files:  83% (1059/1275)
Updating files:  84% (1071/1275)
Updating files:  84% (1077/1275)
Updating files:  85% (1084/1275)
Updating files:  86% (1097/1275)
Updating files:  87% (1110/1275)
Updating files:  88% (1122/1275)
Updating files:  89% (1135/1275)
Updating files:  90% (1148/1275)
Updating files:  91% (1161/1275)
Updating files:  92% (1173/1275)
Updating files:  93% (1186/1275)
Updating files:  94% (1199/1275)
Updating files:  95% (1212/1275)
Updating files:  96% (1224/1275)
Updating files:  97% (1237/1275)
Updating files:  98% (1250/1275)
Updating files:  99% (1263/1275)
Updating files:  99% (1274/1275)
Updating files: 100% (1275/1275)
Updating files: 100% (1275/1275), done.

{"commit": "7b9703b64573748cbd2b3e6a832834c06baf417f", "checkout": "/ocean/projects/mth250006p/ywang26/diffusion-video-decode-20260909", "output": "/ocean/projects/mth250006p/ywang26/diffusion-results/20260909-video-first-clip", "phase": "ready_to_submit", "external_sha256": {"launch_video_decode_guarded.py": "aa7ccdede232c2e94bc367acfe6b853a8ec83d309e810a4f30f73b56a4481ead", "video_decode_first_clip.slurm": "d57affb9a8c882f7caed2a2873db0ad91e6fe66cbb3a4fd9a9cf5f6ef242e59b"}}
{"commit": "7b9703b64573748cbd2b3e6a832834c06baf417f", "checkout": "/ocean/projects/mth250006p/ywang26/diffusion-video-decode-20260909", "output": "/ocean/projects/mth250006p/ywang26/diffusion-results/20260909-video-first-clip", "phase": "submitted", "external_sha256": {"launch_video_decode_guarded.py": "aa7ccdede232c2e94bc367acfe6b853a8ec83d309e810a4f30f73b56a4481ead", "video_decode_first_clip.slurm": "d57affb9a8c882f7caed2a2873db0ad91e6fe66cbb3a4fd9a9cf5f6ef242e59b"}, "submission_stdout": "45578905\n", "submission_stderr": ""}
