FIT seed_150901/harmonic/low/spectral.json
FIT seed_150901/harmonic/low/unconditional.json
FIT seed_150901/harmonic/low/histogram_lr.json
FIT seed_150901/harmonic/low/product.json
FIT seed_150901/harmonic/low/oracle_graph_harmonic.json
FIT seed_150901/harmonic/low/oracle_graph_histogram.json
FIT seed_150901/harmonic/large/spectral.json
FIT seed_150901/harmonic/large/unconditional.json
FIT seed_150901/harmonic/large/histogram_lr.json
FIT seed_150901/harmonic/large/product.json
FIT seed_150901/harmonic/large/oracle_graph_harmonic.json
FIT seed_150901/harmonic/large/oracle_graph_histogram.json
FIT seed_150901/null/low/spectral.json
FIT seed_150901/null/low/unconditional.json
FIT seed_150901/null/low/histogram_lr.json
FIT seed_150901/null/low/product.json
FIT seed_150901/null/low/oracle_graph_harmonic.json
FIT seed_150901/null/low/oracle_graph_histogram.json
FIT seed_150901/null/large/spectral.json
FIT seed_150901/null/large/unconditional.json
FIT seed_150901/null/large/histogram_lr.json
FIT seed_150901/null/large/product.json
FIT seed_150901/null/large/oracle_graph_harmonic.json
FIT seed_150901/null/large/oracle_graph_histogram.json
FIT seed_150901/off_basis/low/spectral.json
FIT seed_150901/off_basis/low/unconditional.json
FIT seed_150901/off_basis/low/histogram_lr.json
FIT seed_150901/off_basis/low/product.json
FIT seed_150901/off_basis/low/oracle_graph_harmonic.json
FIT seed_150901/off_basis/low/oracle_graph_histogram.json
FIT seed_150901/off_basis/large/spectral.json
FIT seed_150901/off_basis/large/unconditional.json
FIT seed_150901/off_basis/large/histogram_lr.json
FIT seed_150901/off_basis/large/product.json
FIT seed_150901/off_basis/large/oracle_graph_harmonic.json
FIT seed_150901/off_basis/large/oracle_graph_histogram.json
FIT seed_150902/harmonic/low/spectral.json
FIT seed_150902/harmonic/low/unconditional.json
FIT seed_150902/harmonic/low/histogram_lr.json
FIT seed_150902/harmonic/low/product.json
FIT seed_150902/harmonic/low/oracle_graph_harmonic.json
FIT seed_150902/harmonic/low/oracle_graph_histogram.json
FIT seed_150902/harmonic/large/spectral.json
FIT seed_150902/harmonic/large/unconditional.json
FIT seed_150902/harmonic/large/histogram_lr.json
FIT seed_150902/harmonic/large/product.json
FIT seed_150902/harmonic/large/oracle_graph_harmonic.json
FIT seed_150902/harmonic/large/oracle_graph_histogram.json
FIT seed_150902/null/low/spectral.json
FIT seed_150902/null/low/unconditional.json
FIT seed_150902/null/low/histogram_lr.json
FIT seed_150902/null/low/product.json
FIT seed_150902/null/low/oracle_graph_harmonic.json
FIT seed_150902/null/low/oracle_graph_histogram.json
FIT seed_150902/null/large/spectral.json
FIT seed_150902/null/large/unconditional.json
FIT seed_150902/null/large/histogram_lr.json
FIT seed_150902/null/large/product.json
FIT seed_150902/null/large/oracle_graph_harmonic.json
FIT seed_150902/null/large/oracle_graph_histogram.json
FIT seed_150902/off_basis/low/spectral.json
FIT seed_150902/off_basis/low/unconditional.json
FIT seed_150902/off_basis/low/histogram_lr.json
FIT seed_150902/off_basis/low/product.json
FIT seed_150902/off_basis/low/oracle_graph_harmonic.json
FIT seed_150902/off_basis/low/oracle_graph_histogram.json
FIT seed_150902/off_basis/large/spectral.json
FIT seed_150902/off_basis/large/unconditional.json
FIT seed_150902/off_basis/large/histogram_lr.json
FIT seed_150902/off_basis/large/product.json
FIT seed_150902/off_basis/large/oracle_graph_harmonic.json
FIT seed_150902/off_basis/large/oracle_graph_histogram.json
EVAL seed_150901/harmonic/low
EVAL seed_150901/harmonic/large
EVAL seed_150901/null/low
EVAL seed_150901/null/large
EVAL seed_150901/off_basis/low
EVAL seed_150901/off_basis/large
EVAL seed_150902/harmonic/low
EVAL seed_150902/harmonic/large
EVAL seed_150902/null/low
EVAL seed_150902/null/large
EVAL seed_150902/off_basis/low
EVAL seed_150902/off_basis/large
